=== [1] 环境验证 ===
name, uuid, driver_version
NVIDIA B300 SXM6 AC, GPU-dadf9f3b-df58-d3fa-07b0-5fe223423db1, 580.126.09
2.14.0+cu130 True
=== [2] 正确性 ===
/home/lcpu/65050527/.local/lib/python3.12/site-packages/triton/language/core.py:2625: UserWarning: tl.make_block_ptr is deprecated. Use TensorDescriptor or tl.make_tensor_descriptor instead.
  warn("tl.make_block_ptr is deprecated. Use TensorDescriptor or tl.make_tensor_descriptor instead.")
/home/lcpu/65050527/.local/lib/python3.12/site-packages/triton/language/core.py:2625: UserWarning: tl.make_block_ptr is deprecated. Use TensorDescriptor or tl.make_tensor_descriptor instead.
  warn("tl.make_block_ptr is deprecated. Use TensorDescriptor or tl.make_tensor_descriptor instead.")
PASS batch=1 fp8=False max_abs=0.000244141 cosine=0.99999535
PASS batch=1 fp8=True max_abs=0.000244141 cosine=0.99999529
PASS batch=4 fp8=False max_abs=0.000488281 cosine=0.99999541
PASS batch=4 fp8=True max_abs=0.000488281 cosine=0.99999547
============================= test session starts ==============================
platform linux -- Python 3.12.3, pytest-9.1.1, pluggy-1.6.0 -- /usr/bin/python3
cachedir: .pytest_cache
rootdir: /home/lcpu/65050527/minimax-m3-msa-decode 2/minimax-m3-msa-decode
configfile: pyproject.toml
collecting ... collected 4 items

tests/test_correctness.py::test_triton_matches_fp32_reference[False-1] PASSED [ 25%]
tests/test_correctness.py::test_triton_matches_fp32_reference[False-4] PASSED [ 50%]
tests/test_correctness.py::test_triton_matches_fp32_reference[True-1] PASSED [ 75%]
tests/test_correctness.py::test_triton_matches_fp32_reference[True-4] PASSED [100%]

============================== 4 passed in 2.56s ===============================
=== Step 1 完成 ===
