=== [1] 环境验证 ===
name, uuid, driver_version
NVIDIA B300 SXM6 AC, GPU-dadf9f3b-df58-d3fa-07b0-5fe223423db1, 580.126.09
2.14.0+cu130 True
=== [2] 正确性 ===
In file included from /home/lcpu/65050527/.local/lib/python3.12/site-packages/triton/backends/nvidia/driver.c:9:
/home/lcpu/65050527/.local/include/python3.12/Python.h:12:10: fatal error: pyconfig.h: No such file or directory
   12 | #include "pyconfig.h"
      |          ^~~~~~~~~~~~
compilation terminated.
Traceback (most recent call last):
  File "/home/lcpu/65050527/minimax-m3-msa-decode 2/minimax-m3-msa-decode/tests/smoke_correctness.py", line 51, in <module>
    main()
  File "/home/lcpu/65050527/minimax-m3-msa-decode 2/minimax-m3-msa-decode/tests/smoke_correctness.py", line 28, in main
    actual = launch_triton_baseline(case, workspace).clone()
             ^^^^^^^^^^^^^^^^^^^^^^^^^^^^^^^^^^^^^^^
  File "/home/lcpu/65050527/.local/lib/python3.12/site-packages/torch/utils/_contextlib.py", line 124, in decorate_context
    return func(*args, **kwargs)
           ^^^^^^^^^^^^^^^^^^^^^
  File "/home/lcpu/65050527/minimax-m3-msa-decode 2/minimax-m3-msa-decode/benchmarks/msa_harness.py", line 339, in launch_triton_baseline
    launch_triton_partial(case, workspace, use_pdl=use_pdl)
  File "/home/lcpu/65050527/.local/lib/python3.12/site-packages/torch/utils/_contextlib.py", line 124, in decorate_context
    return func(*args, **kwargs)
           ^^^^^^^^^^^^^^^^^^^^^
  File "/home/lcpu/65050527/minimax-m3-msa-decode 2/minimax-m3-msa-decode/benchmarks/msa_harness.py", line 268, in launch_triton_partial
    op._gqa_sparse_decode_kernel[grid](
  File "/home/lcpu/65050527/.local/lib/python3.12/site-packages/triton/runtime/jit.py", line 374, in <lambda>
    return lambda *args, **kwargs: self.run(grid=grid, warmup=False, *args, **kwargs)
                                   ^^^^^^^^^^^^^^^^^^^^^^^^^^^^^^^^^^^^^^^^^^^^^^^^^^
  File "/home/lcpu/65050527/.local/lib/python3.12/site-packages/triton/runtime/autotuner.py", line 483, in run
    return self.fn.run(*args, **kwargs)
           ^^^^^^^^^^^^^^^^^^^^^^^^^^^^
  File "/home/lcpu/65050527/.local/lib/python3.12/site-packages/triton/runtime/jit.py", line 731, in run
    device = driver.active.get_current_device()
             ^^^^^^^^^^^^^
  File "/home/lcpu/65050527/.local/lib/python3.12/site-packages/triton/runtime/driver.py", line 39, in active
    self._active = self.default
                   ^^^^^^^^^^^^
  File "/home/lcpu/65050527/.local/lib/python3.12/site-packages/triton/runtime/driver.py", line 33, in default
    self._default = _create_driver()
                    ^^^^^^^^^^^^^^^^
  File "/home/lcpu/65050527/.local/lib/python3.12/site-packages/triton/runtime/driver.py", line 21, in _create_driver
    return active_drivers[0]()
           ^^^^^^^^^^^^^^^^^^^
  File "/home/lcpu/65050527/.local/lib/python3.12/site-packages/triton/backends/nvidia/driver.py", line 342, in __init__
    self.utils = CudaUtils()  # TODO: make static
                 ^^^^^^^^^^^
  File "/home/lcpu/65050527/.local/lib/python3.12/site-packages/triton/backends/nvidia/driver.py", line 101, in __init__
    mod = compile_module_from_file(
          ^^^^^^^^^^^^^^^^^^^^^^^^^
  File "/home/lcpu/65050527/.local/lib/python3.12/site-packages/triton/runtime/build.py", line 196, in compile_module_from_file
    return _compile_so_from_file(src_path, name, library_dirs, include_dirs, libraries, ccflags, load_module=True)
           ^^^^^^^^^^^^^^^^^^^^^^^^^^^^^^^^^^^^^^^^^^^^^^^^^^^^^^^^^^^^^^^^^^^^^^^^^^^^^^^^^^^^^^^^^^^^^^^^^^^^^^^
  File "/home/lcpu/65050527/.local/lib/python3.12/site-packages/triton/runtime/build.py", line 165, in _compile_so_from_file
    return _compile_so(src=src, src_path=src_path, name=name, library_dirs=library_dirs, include_dirs=include_dirs,
           ^^^^^^^^^^^^^^^^^^^^^^^^^^^^^^^^^^^^^^^^^^^^^^^^^^^^^^^^^^^^^^^^^^^^^^^^^^^^^^^^^^^^^^^^^^^^^^^^^^^^^^^^
  File "/home/lcpu/65050527/.local/lib/python3.12/site-packages/triton/runtime/build.py", line 149, in _compile_so
    so = _build(name, src_path, tmpdir, library_dirs or [], include_dirs or [], libraries or [], ccflags or [],
         ^^^^^^^^^^^^^^^^^^^^^^^^^^^^^^^^^^^^^^^^^^^^^^^^^^^^^^^^^^^^^^^^^^^^^^^^^^^^^^^^^^^^^^^^^^^^^^^^^^^^^^
  File "/home/lcpu/65050527/.local/lib/python3.12/site-packages/triton/runtime/build.py", line 83, in _build
    subprocess.check_call(cc_cmd, stdout=subprocess.DEVNULL)
  File "/usr/lib/python3.12/subprocess.py", line 413, in check_call
    raise CalledProcessError(retcode, cmd)
subprocess.CalledProcessError: Command '['/usr/bin/gcc', '/home/lcpu/65050527/.local/lib/python3.12/site-packages/triton/backends/nvidia/driver.c', '-O3', '-shared', '-fPIC', '-Wno-psabi', '-o', '/tmp/tmpq2je87e1/cuda_utils.cpython-312-x86_64-linux-gnu.so', '-l:libcuda.so.1', '-L/home/lcpu/65050527/.local/lib/python3.12/site-packages/triton/backends/nvidia/lib', '-L/lib/x86_64-linux-gnu', '-I/home/lcpu/65050527/.local/lib/python3.12/site-packages/triton/backends/nvidia/include', '-I/tmp/tmpq2je87e1', '-I/usr/include/python3.12']' returned non-zero exit status 1.
