=== [3] Triton FP8 ===
/home/lcpu/65050527/.local/lib/python3.12/site-packages/triton/language/core.py:2625: UserWarning: tl.make_block_ptr is deprecated. Use TensorDescriptor or tl.make_tensor_descriptor instead.
  warn("tl.make_block_ptr is deprecated. Use TensorDescriptor or tl.make_tensor_descriptor instead.")
{'gpu': 'NVIDIA B300 SXM6 AC', 'batch': 1, 'dtype': 'torch.float8_e4m3fn', 'mode': 'eager', 'num_chunks': 16, 'median_us': 43.855998665094376, 'p95_us': 49.95200037956238, 'stdev_us': 2.6887981767811455, 'iterations': 200}
{'gpu': 'NVIDIA B300 SXM6 AC', 'batch': 1, 'dtype': 'torch.float8_e4m3fn', 'mode': 'graph', 'num_chunks': 16, 'median_us': 10.879999957978725, 'p95_us': 11.359999887645245, 'stdev_us': 0.5675255569191698, 'iterations': 200}
{'gpu': 'NVIDIA B300 SXM6 AC', 'batch': 4, 'dtype': 'torch.float8_e4m3fn', 'mode': 'eager', 'num_chunks': 16, 'median_us': 42.927999049425125, 'p95_us': 49.15200173854828, 'stdev_us': 2.159649113823711, 'iterations': 200}
{'gpu': 'NVIDIA B300 SXM6 AC', 'batch': 4, 'dtype': 'torch.float8_e4m3fn', 'mode': 'graph', 'num_chunks': 16, 'median_us': 12.97600008547306, 'p95_us': 13.279999606311321, 'stdev_us': 0.7430997306802132, 'iterations': 200}
{'gpu': 'NVIDIA B300 SXM6 AC', 'batch': 8, 'dtype': 'torch.float8_e4m3fn', 'mode': 'eager', 'num_chunks': 8, 'median_us': 43.90399903059006, 'p95_us': 51.13599821925163, 'stdev_us': 2.7311487318330494, 'iterations': 200}
{'gpu': 'NVIDIA B300 SXM6 AC', 'batch': 8, 'dtype': 'torch.float8_e4m3fn', 'mode': 'graph', 'num_chunks': 8, 'median_us': 18.239999189972878, 'p95_us': 19.039999693632126, 'stdev_us': 0.7494308895211319, 'iterations': 200}
{'gpu': 'NVIDIA B300 SXM6 AC', 'batch': 16, 'dtype': 'torch.float8_e4m3fn', 'mode': 'eager', 'num_chunks': 4, 'median_us': 48.62400144338608, 'p95_us': 55.80800026655197, 'stdev_us': 2.5581001325683537, 'iterations': 200}
{'gpu': 'NVIDIA B300 SXM6 AC', 'batch': 16, 'dtype': 'torch.float8_e4m3fn', 'mode': 'graph', 'num_chunks': 4, 'median_us': 27.23200060427189, 'p95_us': 28.063999488949776, 'stdev_us': 0.6770899246582275, 'iterations': 200}
{'gpu': 'NVIDIA B300 SXM6 AC', 'batch': 32, 'dtype': 'torch.float8_e4m3fn', 'mode': 'eager', 'num_chunks': 2, 'median_us': 68.03199648857117, 'p95_us': 69.98399645090103, 'stdev_us': 1.872093696269858, 'iterations': 200}
{'gpu': 'NVIDIA B300 SXM6 AC', 'batch': 32, 'dtype': 'torch.float8_e4m3fn', 'mode': 'graph', 'num_chunks': 2, 'median_us': 47.648001462221146, 'p95_us': 47.968000173568726, 'stdev_us': 0.5325489830620262, 'iterations': 200}
=== [4] BF16 ===
/home/lcpu/65050527/.local/lib/python3.12/site-packages/triton/language/core.py:2625: UserWarning: tl.make_block_ptr is deprecated. Use TensorDescriptor or tl.make_tensor_descriptor instead.
  warn("tl.make_block_ptr is deprecated. Use TensorDescriptor or tl.make_tensor_descriptor instead.")
{'gpu': 'NVIDIA B300 SXM6 AC', 'batch': 1, 'dtype': 'torch.bfloat16', 'mode': 'eager', 'num_chunks': 16, 'median_us': 43.80800016224384, 'p95_us': 50.11200159788132, 'stdev_us': 2.4455966835811433, 'iterations': 200}
{'gpu': 'NVIDIA B300 SXM6 AC', 'batch': 1, 'dtype': 'torch.bfloat16', 'mode': 'graph', 'num_chunks': 16, 'median_us': 8.960000239312649, 'p95_us': 10.143999941647053, 'stdev_us': 0.5264163805405087, 'iterations': 200}
{'gpu': 'NVIDIA B300 SXM6 AC', 'batch': 8, 'dtype': 'torch.bfloat16', 'mode': 'eager', 'num_chunks': 8, 'median_us': 43.42399910092354, 'p95_us': 50.20799860358238, 'stdev_us': 2.3610318671954857, 'iterations': 200}
{'gpu': 'NVIDIA B300 SXM6 AC', 'batch': 8, 'dtype': 'torch.bfloat16', 'mode': 'graph', 'num_chunks': 8, 'median_us': 12.959999963641167, 'p95_us': 13.279999606311321, 'stdev_us': 0.26312288710720405, 'iterations': 200}
{'gpu': 'NVIDIA B300 SXM6 AC', 'batch': 16, 'dtype': 'torch.bfloat16', 'mode': 'eager', 'num_chunks': 4, 'median_us': 44.015999883413315, 'p95_us': 52.032001316547394, 'stdev_us': 3.2280985512918456, 'iterations': 200}
{'gpu': 'NVIDIA B300 SXM6 AC', 'batch': 16, 'dtype': 'torch.bfloat16', 'mode': 'graph', 'num_chunks': 4, 'median_us': 16.96000061929226, 'p95_us': 17.376000061631203, 'stdev_us': 0.756741800859972, 'iterations': 200}
=== [5] 噪声 ===
Traceback (most recent call last):
  File "<string>", line 5, in <module>
ModuleNotFoundError: No module named 'msa_harness'
